------------------------------------------------------------
Timing Analyzer Summary
------------------------------------------------------------

Type  : Slow 1200mV 85C Model Setup 'pll_inst|altpll_component|auto_generated|pll1|clk[0]'
Slack : -9.656
TNS   : -188.487

Type  : Slow 1200mV 85C Model Setup 'gravityClockDivder:gravityDivider|clock_out'
Slack : -6.887
TNS   : -74.983

Type  : Slow 1200mV 85C Model Setup 'clkin'
Slack : -5.821
TNS   : -157.924

Type  : Slow 1200mV 85C Model Setup 'pipeClockDivider:pipeDivider|clock_out'
Slack : -5.629
TNS   : -127.893

Type  : Slow 1200mV 85C Model Setup 'btn_up'
Slack : -4.723
TNS   : -36.188

Type  : Slow 1200mV 85C Model Setup 'Clock_divider:comb_33|clock_out'
Slack : -2.496
TNS   : -2.496

Type  : Slow 1200mV 85C Model Setup 'tryThis'
Slack : -0.841
TNS   : -1.296

Type  : Slow 1200mV 85C Model Hold 'pipeClockDivider:pipeDivider|clock_out'
Slack : 0.339
TNS   : 0.000

Type  : Slow 1200mV 85C Model Hold 'gravityClockDivder:gravityDivider|clock_out'
Slack : 0.340
TNS   : 0.000

Type  : Slow 1200mV 85C Model Hold 'Clock_divider:comb_33|clock_out'
Slack : 0.378
TNS   : 0.000

Type  : Slow 1200mV 85C Model Hold 'btn_up'
Slack : 0.393
TNS   : 0.000

Type  : Slow 1200mV 85C Model Hold 'pll_inst|altpll_component|auto_generated|pll1|clk[0]'
Slack : 0.417
TNS   : 0.000

Type  : Slow 1200mV 85C Model Hold 'tryThis'
Slack : 0.613
TNS   : 0.000

Type  : Slow 1200mV 85C Model Hold 'clkin'
Slack : 0.638
TNS   : 0.000

Type  : Slow 1200mV 85C Model Minimum Pulse Width 'btn_up'
Slack : -3.000
TNS   : -14.224

Type  : Slow 1200mV 85C Model Minimum Pulse Width 'pipeClockDivider:pipeDivider|clock_out'
Slack : -1.403
TNS   : -36.478

Type  : Slow 1200mV 85C Model Minimum Pulse Width 'gravityClockDivder:gravityDivider|clock_out'
Slack : -1.403
TNS   : -15.433

Type  : Slow 1200mV 85C Model Minimum Pulse Width 'tryThis'
Slack : -1.403
TNS   : -4.209

Type  : Slow 1200mV 85C Model Minimum Pulse Width 'Clock_divider:comb_33|clock_out'
Slack : -1.403
TNS   : -1.403

Type  : Slow 1200mV 85C Model Minimum Pulse Width 'clkin'
Slack : 9.621
TNS   : 0.000

Type  : Slow 1200mV 85C Model Minimum Pulse Width 'pll_inst|altpll_component|auto_generated|pll1|clk[0]'
Slack : 19.720
TNS   : 0.000

Type  : Slow 1200mV 0C Model Setup 'pll_inst|altpll_component|auto_generated|pll1|clk[0]'
Slack : -8.598
TNS   : -163.123

Type  : Slow 1200mV 0C Model Setup 'gravityClockDivder:gravityDivider|clock_out'
Slack : -6.422
TNS   : -69.898

Type  : Slow 1200mV 0C Model Setup 'clkin'
Slack : -5.254
TNS   : -140.868

Type  : Slow 1200mV 0C Model Setup 'pipeClockDivider:pipeDivider|clock_out'
Slack : -5.199
TNS   : -117.147

Type  : Slow 1200mV 0C Model Setup 'btn_up'
Slack : -4.250
TNS   : -32.621

Type  : Slow 1200mV 0C Model Setup 'Clock_divider:comb_33|clock_out'
Slack : -2.522
TNS   : -2.522

Type  : Slow 1200mV 0C Model Setup 'tryThis'
Slack : -0.685
TNS   : -0.962

Type  : Slow 1200mV 0C Model Hold 'pipeClockDivider:pipeDivider|clock_out'
Slack : 0.305
TNS   : 0.000

Type  : Slow 1200mV 0C Model Hold 'gravityClockDivder:gravityDivider|clock_out'
Slack : 0.306
TNS   : 0.000

Type  : Slow 1200mV 0C Model Hold 'pll_inst|altpll_component|auto_generated|pll1|clk[0]'
Slack : 0.336
TNS   : 0.000

Type  : Slow 1200mV 0C Model Hold 'Clock_divider:comb_33|clock_out'
Slack : 0.339
TNS   : 0.000

Type  : Slow 1200mV 0C Model Hold 'btn_up'
Slack : 0.354
TNS   : 0.000

Type  : Slow 1200mV 0C Model Hold 'tryThis'
Slack : 0.572
TNS   : 0.000

Type  : Slow 1200mV 0C Model Hold 'clkin'
Slack : 0.590
TNS   : 0.000

Type  : Slow 1200mV 0C Model Minimum Pulse Width 'btn_up'
Slack : -3.000
TNS   : -14.224

Type  : Slow 1200mV 0C Model Minimum Pulse Width 'pipeClockDivider:pipeDivider|clock_out'
Slack : -1.403
TNS   : -36.478

Type  : Slow 1200mV 0C Model Minimum Pulse Width 'gravityClockDivder:gravityDivider|clock_out'
Slack : -1.403
TNS   : -15.433

Type  : Slow 1200mV 0C Model Minimum Pulse Width 'tryThis'
Slack : -1.403
TNS   : -4.209

Type  : Slow 1200mV 0C Model Minimum Pulse Width 'Clock_divider:comb_33|clock_out'
Slack : -1.403
TNS   : -1.403

Type  : Slow 1200mV 0C Model Minimum Pulse Width 'clkin'
Slack : 9.645
TNS   : 0.000

Type  : Slow 1200mV 0C Model Minimum Pulse Width 'pll_inst|altpll_component|auto_generated|pll1|clk[0]'
Slack : 19.697
TNS   : 0.000

Type  : Fast 1200mV 0C Model Setup 'pll_inst|altpll_component|auto_generated|pll1|clk[0]'
Slack : -4.200
TNS   : -74.696

Type  : Fast 1200mV 0C Model Setup 'gravityClockDivder:gravityDivider|clock_out'
Slack : -2.852
TNS   : -31.053

Type  : Fast 1200mV 0C Model Setup 'pipeClockDivider:pipeDivider|clock_out'
Slack : -2.460
TNS   : -53.844

Type  : Fast 1200mV 0C Model Setup 'clkin'
Slack : -1.854
TNS   : -45.575

Type  : Fast 1200mV 0C Model Setup 'btn_up'
Slack : -1.508
TNS   : -11.308

Type  : Fast 1200mV 0C Model Setup 'Clock_divider:comb_33|clock_out'
Slack : -0.915
TNS   : -0.915

Type  : Fast 1200mV 0C Model Setup 'tryThis'
Slack : 0.217
TNS   : 0.000

Type  : Fast 1200mV 0C Model Hold 'gravityClockDivder:gravityDivider|clock_out'
Slack : 0.147
TNS   : 0.000

Type  : Fast 1200mV 0C Model Hold 'pipeClockDivider:pipeDivider|clock_out'
Slack : 0.147
TNS   : 0.000

Type  : Fast 1200mV 0C Model Hold 'Clock_divider:comb_33|clock_out'
Slack : 0.166
TNS   : 0.000

Type  : Fast 1200mV 0C Model Hold 'btn_up'
Slack : 0.169
TNS   : 0.000

Type  : Fast 1200mV 0C Model Hold 'pll_inst|altpll_component|auto_generated|pll1|clk[0]'
Slack : 0.207
TNS   : 0.000

Type  : Fast 1200mV 0C Model Hold 'tryThis'
Slack : 0.242
TNS   : 0.000

Type  : Fast 1200mV 0C Model Hold 'clkin'
Slack : 0.245
TNS   : 0.000

Type  : Fast 1200mV 0C Model Minimum Pulse Width 'btn_up'
Slack : -3.000
TNS   : -13.656

Type  : Fast 1200mV 0C Model Minimum Pulse Width 'pipeClockDivider:pipeDivider|clock_out'
Slack : -1.000
TNS   : -26.000

Type  : Fast 1200mV 0C Model Minimum Pulse Width 'gravityClockDivder:gravityDivider|clock_out'
Slack : -1.000
TNS   : -11.000

Type  : Fast 1200mV 0C Model Minimum Pulse Width 'tryThis'
Slack : -1.000
TNS   : -3.000

Type  : Fast 1200mV 0C Model Minimum Pulse Width 'Clock_divider:comb_33|clock_out'
Slack : -1.000
TNS   : -1.000

Type  : Fast 1200mV 0C Model Minimum Pulse Width 'clkin'
Slack : 9.300
TNS   : 0.000

Type  : Fast 1200mV 0C Model Minimum Pulse Width 'pll_inst|altpll_component|auto_generated|pll1|clk[0]'
Slack : 19.761
TNS   : 0.000

------------------------------------------------------------
